// Vitest Snapshot v1

exports[`measure 1`] = `
[
  {
    "h": 7,
    "w": 52,
    "x": 0,
    "y": 0,
  },
  {
    "h": 7,
    "w": 6,
    "x": 0,
    "y": 0,
  },
  {
    "h": 7,
    "w": 18,
    "x": 0,
    "y": 0,
  },
  {
    "h": 14,
    "w": 59,
    "x": 0,
    "y": 0,
  },
]
`;
